src/App.tsx(1,1): error TS6133: 'React' is declared but its value is never read.
src/components/Sidebar.tsx(1,1): error TS6133: 'React' is declared but its value is never read.
src/components/Sidebar.tsx(33,38): error TS2353: Object literal may only specify known properties, and 'w' does not exist in type 'string[] | TargetAndTransition'.
src/components/Sidebar.tsx(34,38): error TS2353: Object literal may only specify known properties, and 'w' does not exist in type 'string[] | TargetAndTransition | LegacyAnimationControls'.
src/components/Sidebar.tsx(35,35): error TS2353: Object literal may only specify known properties, and 'w' does not exist in type 'string[] | TargetAndTransition'.
src/components/Sidebar.tsx(59,42): error TS2353: Object literal may only specify known properties, and 'w' does not exist in type 'string[] | TargetAndTransition'.
src/components/Sidebar.tsx(60,42): error TS2353: Object literal may only specify known properties, and 'w' does not exist in type 'string[] | TargetAndTransition | LegacyAnimationControls'.
src/components/Sidebar.tsx(61,39): error TS2353: Object literal may only specify known properties, and 'w' does not exist in type 'string[] | TargetAndTransition'.
src/components/Sidebar.tsx(81,41): error TS2353: Object literal may only specify known properties, and 'w' does not exist in type 'string[] | TargetAndTransition'.
src/components/Sidebar.tsx(82,41): error TS2353: Object literal may only specify known properties, and 'w' does not exist in type 'string[] | TargetAndTransition | LegacyAnimationControls'.
src/components/Sidebar.tsx(83,38): error TS2353: Object literal may only specify known properties, and 'w' does not exist in type 'string[] | TargetAndTransition'.
src/components/WordReveal.tsx(1,1): error TS6133: 'React' is declared but its value is never read.
